// Jest Snapshot v1, https://goo.gl/fbAQLP

exports[`MyComponent should render correctly 1`] = `
<div
  className="seed"
>
  <div
    className="seed__content"
  >
    <img
      alt="The redbee logo"
      className="seed__img"
      src="/static/redbee-logo.svg"
    />
    <span
      className="seed__title"
    >
      redbee
    </span>
    <span
      className="seed__message"
    >
      aMessage
    </span>
  </div>
</div>
`;
